{
  "node_count": 714,
  "mesh_count": 355,
  "triangles": 140863,
  "textures": [
    {
      "path": "textures/material_baseColor.png",
      "size": [
        4096,
        4096
      ],
      "mode": "RGB",
      "bytes": 7204344
    },
    {
      "path": "textures/material_metallicRoughness.png",
      "size": [
        4096,
        4096
      ],
      "mode": "RGB",
      "bytes": 14312953
    },
    {
      "path": "textures/material_normal.png",
      "size": [
        4096,
        4096
      ],
      "mode": "RGB",
      "bytes": 2168617
    },
    {
      "path": "textures/Primary_baseColor.png",
      "size": [
        4096,
        4096
      ],
      "mode": "RGB",
      "bytes": 5027005
    },
    {
      "path": "textures/Primary_metallicRoughness.png",
      "size": [
        4096,
        4096
      ],
      "mode": "RGB",
      "bytes": 13116675
    },
    {
      "path": "textures/Primary_normal.png",
      "size": [
        4096,
        4096
      ],
      "mode": "RGB",
      "bytes": 3500714
    },
    {
      "path": "textures/Secondary_baseColor.png",
      "size": [
        4096,
        4096
      ],
      "mode": "RGB",
      "bytes": 3952957
    },
    {
      "path": "textures/Secondary_metallicRoughness.png",
      "size": [
        4096,
        4096
      ],
      "mode": "RGB",
      "bytes": 11050315
    },
    {
      "path": "textures/Secondary_normal.png",
      "size": [
        4096,
        4096
      ],
      "mode": "RGB",
      "bytes": 2640679
    },
    {
      "path": "textures/Texts_baseColor.png",
      "size": [
        4096,
        4096
      ],
      "mode": "LA",
      "bytes": 442421
    }
  ],
  "animations": 0,
  "skins": 0,
  "bounds_min": [
    -85.68923229477863,
    -70.44715801427573,
    -182.61692244630416
  ],
  "bounds_max": [
    85.68926971934647,
    70.20755526298254,
    297.93466044660124
  ],
  "dimensions": [
    171.3785020141251,
    140.65471327725828,
    480.5515828929054
  ]
}
Cobalt mesh {'header': '01000000', 'vertices': 6485, 'triangles': 7716, 'box': [7.000000096013537e-06, -10.11240005493164, 3.156048059463501, 20.691299438476562, 21.192699432373047, 55.25629806518555], 'sphere': [0.0, 0.0, 0.0, 58.542015075683594], 'meshpoints': [{'name': 'weapon.0', 'position': [15.571832656860352, -0.06831999868154526, 33.13595199584961], 'rotation': [1.0, -0.0, -9.999999974752427e-07, 0.0, 1.0, -0.0, 9.999999974752427e-07, 0.0, 1.0], 'bone_index': 0}, {'name': 'weapon.0', 'position': [-15.53632926940918, -0.06831999868154526, 33.13595199584961], 'rotation': [1.0, -0.0, -9.999999974752427e-07, 0.0, 1.0, -0.0, 9.999999974752427e-07, 0.0, 1.0], 'bone_index': 0}, {'name': 'exhaust.0', 'position': [-1.9999999949504854e-06, -0.42214399576187134, -49.56208801269531], 'rotation': [-1.0, -0.0, 0.0, -0.0, 1.0, 0.0, -0.0, 0.0, -1.0], 'bone_index': 0}, {'name': 'aura', 'position': [0.0, -34.33867645263672, 0.03635000064969063], 'rotation': [1.0, -0.0, -9.999999974752427e-07, 0.0, 1.0, -0.0, 9.999999974752427e-07, 0.0, 1.0], 'bone_index': 0}, {'name': 'above', 'position': [0.0, 14.36903190612793, 0.036348000168800354], 'rotation': [1.0, -0.0, -9.999999974752427e-07, 0.0, 1.0, -0.0, 9.999999974752427e-07, 0.0, 1.0], 'bone_index': 0}, {'name': 'center', 'position': [0.0, 0.06486299633979797, 0.036348000168800354], 'rotation': [1.0, -0.0, -9.999999974752427e-07, 0.0, 1.0, -0.0, 9.999999974752427e-07, 0.0, 1.0], 'bone_index': 0}], 'materials': ['trader_light_frigate'], 'primitives': [{'material_index': 0, 'vertex_index_start': 0, 'vertex_index_count': 23148}], 'parsed_prefix_bytes': 410856, 'opaque_trailer_bytes': 123970}
