wineserver: using server-side synchronization.
Microsoft (R) DirectX Texture Converter [DirectXTex] Version 2026.5.8.1
Copyright (C) Microsoft Corp.

reading Z:\run\media\haker\NVME 2\expanse-mod\assets\derived\baseline\game-textures\mcrn_tachi_material_clr.png (2048x2048 B8G8R8A8_UNORM 2D) as
WARNING: using BC6H / BC7 CPU codec
 (2048x2048,12 BC7_UNORM 2D a:Opaque)
writing Z:\run\media\haker\NVME 2\expanse-mod\build\converted-textures\mcrn_tachi_material_clr.dds
Microsoft (R) DirectX Texture Converter [DirectXTex] Version 2026.5.8.1
Copyright (C) Microsoft Corp.

reading Z:\run\media\haker\NVME 2\expanse-mod\assets\derived\baseline\game-textures\mcrn_tachi_material_msk.png (4x4 B8G8R8A8_UNORM 2D) as
WARNING: using BC6H / BC7 CPU codec
 (4x4,3 BC7_UNORM 2D a:NonPM)
writing Z:\run\media\haker\NVME 2\expanse-mod\build\converted-textures\mcrn_tachi_material_msk.dds
Microsoft (R) DirectX Texture Converter [DirectXTex] Version 2026.5.8.1
Copyright (C) Microsoft Corp.

reading Z:\run\media\haker\NVME 2\expanse-mod\assets\derived\baseline\game-textures\mcrn_tachi_material_nrm.png (2048x2048 R8G8B8A8_UNORM 2D a:Opaque) as (2048x2048,12 BC5_SNORM 2D)
writing Z:\run\media\haker\NVME 2\expanse-mod\build\converted-textures\mcrn_tachi_material_nrm.dds
Microsoft (R) DirectX Texture Converter [DirectXTex] Version 2026.5.8.1
Copyright (C) Microsoft Corp.

reading Z:\run\media\haker\NVME 2\expanse-mod\assets\derived\baseline\game-textures\mcrn_tachi_material_orm.png (2048x2048 R8G8B8A8_UNORM 2D a:Opaque) asdbus[2761883]: arguments to dbus_pending_call_set_notify() were incorrect, assertion "pending != NULL" failed in file ../../dbus/dbus-pending-call.c line 658.
This is normally a bug in some application using the D-Bus library.

  D-Bus not built with -rdynamic so unable to print a backtrace

WARNING: using BC6H / BC7 CPU codec
 (2048x2048,12 BC7_UNORM 2D a:Opaque)
writing Z:\run\media\haker\NVME 2\expanse-mod\build\converted-textures\mcrn_tachi_material_orm.dds
Microsoft (R) DirectX Texture Converter [DirectXTex] Version 2026.5.8.1
Copyright (C) Microsoft Corp.

reading Z:\run\media\haker\NVME 2\expanse-mod\assets\derived\baseline\game-textures\mcrn_tachi_primary_clr.png (2048x2048 B8G8R8A8_UNORM 2D) as
WARNING: using BC6H / BC7 CPU codec
 (2048x2048,12 BC7_UNORM 2D a:Opaque)
writing Z:\run\media\haker\NVME 2\expanse-mod\build\converted-textures\mcrn_tachi_primary_clr.dds
Microsoft (R) DirectX Texture Converter [DirectXTex] Version 2026.5.8.1
Copyright (C) Microsoft Corp.

reading Z:\run\media\haker\NVME 2\expanse-mod\assets\derived\baseline\game-textures\mcrn_tachi_primary_msk.png (4x4 B8G8R8A8_UNORM 2D) as
WARNING: using BC6H / BC7 CPU codec
 (4x4,3 BC7_UNORM 2D a:NonPM)
writing Z:\run\media\haker\NVME 2\expanse-mod\build\converted-textures\mcrn_tachi_primary_msk.dds
Microsoft (R) DirectX Texture Converter [DirectXTex] Version 2026.5.8.1
Copyright (C) Microsoft Corp.

reading Z:\run\media\haker\NVME 2\expanse-mod\assets\derived\baseline\game-textures\mcrn_tachi_primary_nrm.png (2048x2048 R8G8B8A8_UNORM 2D a:Opaque) as (2048x2048,12 BC5_SNORM 2D)
writing Z:\run\media\haker\NVME 2\expanse-mod\build\converted-textures\mcrn_tachi_primary_nrm.dds
Microsoft (R) DirectX Texture Converter [DirectXTex] Version 2026.5.8.1
Copyright (C) Microsoft Corp.

reading Z:\run\media\haker\NVME 2\expanse-mod\assets\derived\baseline\game-textures\mcrn_tachi_primary_orm.png (2048x2048 R8G8B8A8_UNORM 2D a:Opaque) as
WARNING: using BC6H / BC7 CPU codec
 (2048x2048,12 BC7_UNORM 2D a:Opaque)
writing Z:\run\media\haker\NVME 2\expanse-mod\build\converted-textures\mcrn_tachi_primary_orm.dds
Microsoft (R) DirectX Texture Converter [DirectXTex] Version 2026.5.8.1
Copyright (C) Microsoft Corp.

reading Z:\run\media\haker\NVME 2\expanse-mod\assets\derived\baseline\game-textures\mcrn_tachi_secondary_clr.png (2048x2048 B8G8R8A8_UNORM 2D) as
WARNING: using BC6H / BC7 CPU codec
 (2048x2048,12 BC7_UNORM 2D a:Opaque)
writing Z:\run\media\haker\NVME 2\expanse-mod\build\converted-textures\mcrn_tachi_secondary_clr.dds
Microsoft (R) DirectX Texture Converter [DirectXTex] Version 2026.5.8.1
Copyright (C) Microsoft Corp.

reading Z:\run\media\haker\NVME 2\expanse-mod\assets\derived\baseline\game-textures\mcrn_tachi_secondary_msk.png (4x4 B8G8R8A8_UNORM 2D) as
WARNING: using BC6H / BC7 CPU codec
 (4x4,3 BC7_UNORM 2D a:NonPM)
writing Z:\run\media\haker\NVME 2\expanse-mod\build\converted-textures\mcrn_tachi_secondary_msk.dds
Microsoft (R) DirectX Texture Converter [DirectXTex] Version 2026.5.8.1
Copyright (C) Microsoft Corp.

reading Z:\run\media\haker\NVME 2\expanse-mod\assets\derived\baseline\game-textures\mcrn_tachi_secondary_nrm.png (2048x2048 R8G8B8A8_UNORM 2D a:Opaque) as (2048x2048,12 BC5_SNORM 2D)
writing Z:\run\media\haker\NVME 2\expanse-mod\build\converted-textures\mcrn_tachi_secondary_nrm.dds
Microsoft (R) DirectX Texture Converter [DirectXTex] Version 2026.5.8.1
Copyright (C) Microsoft Corp.

reading Z:\run\media\haker\NVME 2\expanse-mod\assets\derived\baseline\game-textures\mcrn_tachi_secondary_orm.png (2048x2048 R8G8B8A8_UNORM 2D a:Opaque) as
WARNING: using BC6H / BC7 CPU codec
 (2048x2048,12 BC7_UNORM 2D a:Opaque)
writing Z:\run\media\haker\NVME 2\expanse-mod\build\converted-textures\mcrn_tachi_secondary_orm.dds
Microsoft (R) DirectX Texture Converter [DirectXTex] Version 2026.5.8.1
Copyright (C) Microsoft Corp.

reading Z:\run\media\haker\NVME 2\expanse-mod\assets\derived\baseline\game-textures\mcrn_tachi_texts_clr.png (2048x2048 B8G8R8A8_UNORM 2D) as
WARNING: using BC6H / BC7 CPU codec
 (2048x2048,12 BC7_UNORM 2D a:NonPM)
writing Z:\run\media\haker\NVME 2\expanse-mod\build\converted-textures\mcrn_tachi_texts_clr.dds
Microsoft (R) DirectX Texture Converter [DirectXTex] Version 2026.5.8.1
Copyright (C) Microsoft Corp.

reading Z:\run\media\haker\NVME 2\expanse-mod\assets\derived\baseline\game-textures\mcrn_tachi_texts_msk.png (4x4 B8G8R8A8_UNORM 2D) as
WARNING: using BC6H / BC7 CPU codec
 (4x4,3 BC7_UNORM 2D a:NonPM)
writing Z:\run\media\haker\NVME 2\expanse-mod\build\converted-textures\mcrn_tachi_texts_msk.dds
Microsoft (R) DirectX Texture Converter [DirectXTex] Version 2026.5.8.1
Copyright (C) Microsoft Corp.

reading Z:\run\media\haker\NVME 2\expanse-mod\assets\derived\baseline\game-textures\mcrn_tachi_texts_nrm.png (4x4 R8G8B8A8_UNORM 2D a:Opaque) as (4x4,3 BC5_SNORM 2D)
writing Z:\run\media\haker\NVME 2\expanse-mod\build\converted-textures\mcrn_tachi_texts_nrm.dds
Microsoft (R) DirectX Texture Converter [DirectXTex] Version 2026.5.8.1
Copyright (C) Microsoft Corp.

reading Z:\run\media\haker\NVME 2\expanse-mod\assets\derived\baseline\game-textures\mcrn_tachi_texts_orm.png (4x4 R8G8B8A8_UNORM 2D a:Opaque) as
WARNING: using BC6H / BC7 CPU codec
 (4x4,3 BC7_UNORM 2D a:Opaque)
writing Z:\run\media\haker\NVME 2\expanse-mod\build\converted-textures\mcrn_tachi_texts_orm.dds
